(PLUS,'+',1,0)
(NEWLINE,'\n',1,1)
(MINUS,'-',2,2)
(NEWLINE,'\n',2,3)
(TIMES,'*',3,4)
(NEWLINE,'\n',3,5)
(DIVIDE,'/',4,6)
(NEWLINE,'\n',4,7)
(MOD,'%',5,8)
(NEWLINE,'\n',5,9)
(OROPP,'|',6,10)
(NEWLINE,'\n',6,11)
(ANDOPP,'&',7,12)
(NEWLINE,'\n',7,13)
(NOT,'~',8,14)
(NEWLINE,'\n',8,15)
(XOROPP,'^',9,16)
(NEWLINE,'\n',9,17)
(LSHIFT,'<<',10,18)
(NEWLINE,'\n',10,20)
(RSHIFT,'>>',11,21)
(NEWLINE,'\n',11,23)
(LOR,'||',12,24)
(NEWLINE,'\n',12,26)
(LAND,'&&',13,27)
(NEWLINE,'\n',13,29)
(LNOT,'!',14,30)
(NEWLINE,'\n',14,31)
(LT,'<',15,32)
(NEWLINE,'\n',15,33)
(LE,'<=',16,34)
(NEWLINE,'\n',16,36)
(GT,'>',17,37)
(NEWLINE,'\n',17,38)
(GE,'>=',18,39)
(NEWLINE,'\n',18,41)
(EQ,'==',19,42)
(NEWLINE,'\n',19,44)
(NE,'!=',20,45)
(NEWLINE,'\n',20,47)
(EQSTR,'===',21,48)
(NEWLINE,'\n',21,51)
(NESTR,'!==',22,52)
(NEWLINE,'\n',22,55)
(EQUALS,'=',23,56)
(NEWLINE,'\n',23,57)
(TIMESEQUAL,'*=',24,58)
(NEWLINE,'\n',24,60)
(DIVEQUAL,'/=',25,61)
(NEWLINE,'\n',25,63)
(MODEQUAL,'%=',26,64)
(NEWLINE,'\n',26,66)
(PLUSEQUAL,'+=',27,67)
(NEWLINE,'\n',27,69)
(MINUSEQUAL,'-=',28,70)
(NEWLINE,'\n',28,72)
(LSHIFTEQUAL,'<<=',29,73)
(NEWLINE,'\n',29,76)
(RSHIFTEQUAL,'>>=',30,77)
(NEWLINE,'\n',30,80)
(ANDEQUAL,'&=',31,81)
(NEWLINE,'\n',31,83)
(XOREQUAL,'^=',32,84)
(NEWLINE,'\n',32,86)
(OREQUAL,'|=',33,87)
(NEWLINE,'\n',33,89)
(PERIOD,'.',34,90)
(NEWLINE,'\n',34,91)
(PLUSPLUS,'++',35,92)
(NEWLINE,'\n',35,94)
(MINUSMINUS,'--',36,95)
(NEWLINE,'\n',36,97)
